// Jest Snapshot v1, https://goo.gl/fbAQLP

exports[`Component.vue matches snapshot 1`] = `
<div>
    0
    <button>+1</button></div>
`;
